BL51 BANKED LINKER/LOCATER V6.22                                                        06/25/2021  14:34:07  PAGE 1


BL51 BANKED LINKER/LOCATER V6.22, INVOKED BY:
E:\KEIL_V5\C51\BIN\BL51.EXE .\Objects\delay.obj, .\Objects\GPIO.obj, .\Objects\eeprom.obj, .\Objects\main.obj, .\Objects
>> \IO_CFG.obj, .\Objects\ISR.obj, .\Objects\usart_Process.obj TO .\Objects\µÚÈý·½Ð­Òé×ª»»Æ÷20210128 PRINT (.\Listings\µ
>> ÚÈý·½Ð­Òé×ª»»Æ÷20210128.m51) RAMSIZE (256)


MEMORY MODEL: SMALL


INPUT MODULES INCLUDED:
  .\Objects\delay.obj (DELAY)
  .\Objects\GPIO.obj (GPIO)
  .\Objects\eeprom.obj (EEPROM)
  .\Objects\main.obj (MAIN)
  .\Objects\IO_CFG.obj (IO_CFG)
  .\Objects\ISR.obj (ISR)
  .\Objects\usart_Process.obj (USART_PROCESS)
  E:\KEIL_V5\C51\LIB\C51S.LIB (?C_STARTUP)
  E:\KEIL_V5\C51\LIB\C51S.LIB (?C?CLDPTR)
  E:\KEIL_V5\C51\LIB\C51S.LIB (?C?CLDOPTR)
  E:\KEIL_V5\C51\LIB\C51S.LIB (?C?CSTPTR)
  E:\KEIL_V5\C51\LIB\C51S.LIB (?C?MEMSET)
  E:\KEIL_V5\C51\LIB\C51S.LIB (?C_INIT)


LINK MAP OF MODULE:  .\Objects\µÚÈý·½Ð­Òé×ª»»Æ÷20210128 (DELAY)


            TYPE    BASE      LENGTH    RELOCATION   SEGMENT NAME
            -----------------------------------------------------

            * * * * * * *   D A T A   M E M O R Y   * * * * * * *
            REG     0000H     0008H     ABSOLUTE     "REG BANK 0"
            DATA    0008H     0014H     UNIT         ?DT?MAIN
            DATA    001CH     000BH     UNIT         ?DT?_EEPROM_WRITE_SAVE_OTHER?EEPROM
            DATA    0027H     0009H     UNIT         ?DT?_EEPROM_WRITE_N_SECTOR?EEPROM
            DATA    0030H     0007H     UNIT         ?DT?_EEPROM_READ_N?EEPROM
            DATA    0037H     0007H     UNIT         ?DT?_EEPROM_WRITE_N?EEPROM
            DATA    003EH     0005H     UNIT         _DATA_GROUP_
            DATA    0043H     0004H     UNIT         ?DT?ISR
            DATA    0047H     0002H     UNIT         ?DT?USART_PROCESS
            IDATA   0049H     0001H     UNIT         ?ID?USART_PROCESS
            IDATA   004AH     0001H     UNIT         ?STACK

            * * * * * * *  X D A T A   M E M O R Y  * * * * * * *
            XDATA   0000H     0200H     UNIT         ?XD?_EEPROM_WRITE_SAVE_OTHER?EEPROM
            XDATA   0200H     0079H     UNIT         ?XD?USART_PROCESS

            * * * * * * *   C O D E   M E M O R Y   * * * * * * *
            CODE    0000H     0003H     ABSOLUTE     
            CODE    0003H     0006H     UNIT         ?PR?DELAY1US?DELAY
                    0009H     0002H                  *** GAP ***
            CODE    000BH     0003H     ABSOLUTE     
            CODE    000EH     0015H     UNIT         ?PR?UART_ZHQ_INIT?ISR
            CODE    0023H     0003H     ABSOLUTE     
            CODE    0026H     001AH     UNIT         ?PR?_EEPROM_SECTORERASE?EEPROM
            CODE    0040H     0003H     UNIT         ?PR?TIMER0_INIT?ISR
            CODE    0043H     0003H     ABSOLUTE     
BL51 BANKED LINKER/LOCATER V6.22                                                      06/25/2021  14:34:07  PAGE 2


            CODE    0046H     01C4H     UNIT         ?PR?_GPIO_INILIZE?GPIO
            CODE    020AH     017EH     UNIT         ?PR?MAIN?MAIN
            CODE    0388H     00A3H     UNIT         ?PR?TIMER_HARDWARE_INTERRUPT_TIMER0?ISR
            CODE    042BH     0098H     UNIT         ?PR?_EEPROM_WRITE_SAVE_OTHER?EEPROM
            CODE    04C3H     008CH     UNIT         ?C_C51STARTUP
            CODE    054FH     0085H     UNIT         ?PR?UART2_INT?ISR
            CODE    05D4H     0084H     UNIT         ?C?LIB_CODE
            CODE    0658H     0071H     UNIT         ?PR?_EEPROM_WRITE_N_SECTOR?EEPROM
            CODE    06C9H     0071H     UNIT         ?PR?UART1_INT?ISR
            CODE    073AH     0064H     UNIT         ?CO?MAIN
            CODE    079EH     0046H     UNIT         ?PR?TIMECONTROL?USART_PROCESS
            CODE    07E4H     0039H     UNIT         ?PR?_UART_SEND2?ISR
            CODE    081DH     0038H     UNIT         ?PR?_EEPROM_READ_N?EEPROM
            CODE    0855H     0038H     UNIT         ?PR?_EEPROM_WRITE_N?EEPROM
            CODE    088DH     0037H     UNIT         ?PR?GPIO_CONFIG?IO_CFG
            CODE    08C4H     0029H     UNIT         ?C_INITSEG
            CODE    08EDH     0020H     UNIT         ?PR?UART_INIT?ISR
            CODE    090DH     0019H     UNIT         ?PR?TIMER0_CONFIG_T1MS_MODE?ISR
            CODE    0926H     0015H     UNIT         ?PR?UART_DEVICE_INIT?USART_PROCESS
            CODE    093BH     0013H     UNIT         ?PR?SYSTEMINIT?MAIN
            CODE    094EH     0011H     UNIT         ?PR?_DELAY_MS?DELAY
            CODE    095FH     0011H     UNIT         ?PR?_DELAYUS?DELAY
            CODE    0970H     000DH     UNIT         ?PR?DISABLEEEPROM?EEPROM
            CODE    097DH     0009H     UNIT         ?PR?DELAY1MS?DELAY
            CODE    0986H     0004H     UNIT         ?PR?CLRWTD?IO_CFG



OVERLAY MAP OF MODULE:   .\Objects\µÚÈý·½Ð­Òé×ª»»Æ÷20210128 (DELAY)


SEGMENT                                           DATA_GROUP 
  +--> CALLED SEGMENT                           START    LENGTH
---------------------------------------------------------------
?PR?UART2_INT?ISR                               003EH    0001H
  +--> ?PR?_DELAYUS?DELAY

?PR?_DELAYUS?DELAY                              -----    -----
  +--> ?PR?DELAY1US?DELAY

*** NEW ROOT ***************************************************

?PR?TIMER_HARDWARE_INTERRUPT_TIMER0?ISR         -----    -----
  +--> ?PR?CLRWTD?IO_CFG

*** NEW ROOT ***************************************************

?C_C51STARTUP                                   -----    -----
  +--> ?PR?MAIN?MAIN
  +--> ?C_INITSEG

?PR?MAIN?MAIN                                   003FH    0002H
  +--> ?PR?SYSTEMINIT?MAIN
  +--> ?PR?CLRWTD?IO_CFG
  +--> ?PR?TIMECONTROL?USART_PROCESS
  +--> ?CO?MAIN
  +--> ?PR?_UART_SEND2?ISR
BL51 BANKED LINKER/LOCATER V6.22                                                      06/25/2021  14:34:07  PAGE 3



?PR?SYSTEMINIT?MAIN                             -----    -----
  +--> ?PR?_DELAY_MS?DELAY
  +--> ?PR?GPIO_CONFIG?IO_CFG
  +--> ?PR?UART_DEVICE_INIT?USART_PROCESS
  +--> ?PR?TIMER0_INIT?ISR

?PR?_DELAY_MS?DELAY                             -----    -----
  +--> ?PR?DELAY1MS?DELAY

?PR?GPIO_CONFIG?IO_CFG                          0041H    0002H
  +--> ?PR?_GPIO_INILIZE?GPIO

?PR?UART_DEVICE_INIT?USART_PROCESS              -----    -----
  +--> ?PR?UART_INIT?ISR
  +--> ?PR?UART_ZHQ_INIT?ISR

?PR?TIMER0_INIT?ISR                             -----    -----
  +--> ?PR?TIMER0_CONFIG_T1MS_MODE?ISR

?PR?_UART_SEND2?ISR                             0041H    0002H
  +--> ?PR?_DELAYUS?DELAY



SYMBOL TABLE OF MODULE:  .\Objects\µÚÈý·½Ð­Òé×ª»»Æ÷20210128 (DELAY)

  VALUE           TYPE          NAME
  ----------------------------------

  -------         MODULE        DELAY
  C:0000H         SYMBOL        _ICE_DUMMY_
  D:0080H         PUBLIC        P0
  D:0090H         PUBLIC        P1
  D:00A0H         PUBLIC        P2
  D:00B0H         PUBLIC        P3
  D:00C0H         PUBLIC        P4
  C:097DH         PUBLIC        Delay1ms
  D:00C8H         PUBLIC        P5
  D:00E8H         PUBLIC        P6
  D:00F8H         PUBLIC        P7
  C:0003H         PUBLIC        Delay1us
  D:00A8H         PUBLIC        IE
  D:00B8H         PUBLIC        IP
  D:00D8H         PUBLIC        CCON
  D:0098H         PUBLIC        SCON
  D:0088H         PUBLIC        TCON
  C:094EH         PUBLIC        _delay_ms
  C:095FH         PUBLIC        _Delayus
  D:00D0H         PUBLIC        PSW
  -------         PROC          DELAY1MS
  -------         DO            
  D:0007H         SYMBOL        i
  D:0006H         SYMBOL        j
  -------         ENDDO         
  C:097DH         LINE#         3
  C:097DH         LINE#         4
BL51 BANKED LINKER/LOCATER V6.22                                                      06/25/2021  14:34:07  PAGE 4


  C:097DH         LINE#         7
  C:097FH         LINE#         8
  C:0981H         LINE#         10
  C:0981H         LINE#         11
  C:0983H         LINE#         12
  C:0985H         LINE#         13
  -------         ENDPROC       DELAY1MS
  -------         PROC          DELAY1US
  -------         DO            
  D:0007H         SYMBOL        i
  -------         ENDDO         
  C:0003H         LINE#         17
  C:0003H         LINE#         18
  C:0003H         LINE#         21
  C:0004H         LINE#         22
  C:0006H         LINE#         23
  C:0008H         LINE#         24
  -------         ENDPROC       DELAY1US
  -------         PROC          _DELAY_MS
  D:0004H         SYMBOL        ms
  C:094EH         LINE#         26
  C:0952H         LINE#         27
  C:0952H         LINE#         29
  C:0952H         LINE#         30
  C:0955H         LINE#         31
  C:095EH         LINE#         32
  -------         ENDPROC       _DELAY_MS
  -------         PROC          _DELAYUS
  D:0004H         SYMBOL        Tus
  C:095FH         LINE#         41
  C:0963H         LINE#         42
  C:0963H         LINE#         44
  C:0963H         LINE#         45
  C:0966H         LINE#         46
  C:096FH         LINE#         48
  -------         ENDPROC       _DELAYUS
  -------         ENDMOD        DELAY

  -------         MODULE        GPIO
  C:0000H         SYMBOL        _ICE_DUMMY_
  D:0092H         PUBLIC        P1M0
  D:0093H         PUBLIC        P0M1
  D:0096H         PUBLIC        P2M0
  D:0091H         PUBLIC        P1M1
  D:0080H         PUBLIC        P0
  D:00B2H         PUBLIC        P3M0
  D:0095H         PUBLIC        P2M1
  D:0090H         PUBLIC        P1
  D:00B4H         PUBLIC        P4M0
  D:00B1H         PUBLIC        P3M1
  D:00A0H         PUBLIC        P2
  D:00CAH         PUBLIC        P5M0
  D:00B3H         PUBLIC        P4M1
  D:00B0H         PUBLIC        P3
  D:00C9H         PUBLIC        P5M1
  D:00C0H         PUBLIC        P4
  D:00C8H         PUBLIC        P5
BL51 BANKED LINKER/LOCATER V6.22                                                      06/25/2021  14:34:07  PAGE 5


  D:00E8H         PUBLIC        P6
  D:00F8H         PUBLIC        P7
  D:00A8H         PUBLIC        IE
  D:00B8H         PUBLIC        IP
  D:00D8H         PUBLIC        CCON
  D:0098H         PUBLIC        SCON
  D:0088H         PUBLIC        TCON
  C:0046H         PUBLIC        _GPIO_Inilize
  D:00D0H         PUBLIC        PSW
  D:0094H         PUBLIC        P0M0
  -------         PROC          _GPIO_INILIZE
  D:0007H         SYMBOL        GPIO
  D:0001H         SYMBOL        GPIOx
  C:0046H         LINE#         19
  C:0046H         LINE#         20
  C:0046H         LINE#         21
  C:004FH         LINE#         22
  C:005BH         LINE#         23
  C:005EH         LINE#         24
  C:005EH         LINE#         25
  C:006CH         LINE#         26
  C:007DH         LINE#         27
  C:008EH         LINE#         28
  C:009FH         LINE#         29
  C:009FH         LINE#         30
  C:00A4H         LINE#         31
  C:00A4H         LINE#         32
  C:00B5H         LINE#         33
  C:00C4H         LINE#         34
  C:00D4H         LINE#         35
  C:00E7H         LINE#         36
  C:00E7H         LINE#         37
  C:00ECH         LINE#         38
  C:00ECH         LINE#         39
  C:00FDH         LINE#         40
  C:010CH         LINE#         41
  C:011CH         LINE#         42
  C:012FH         LINE#         43
  C:012FH         LINE#         44
  C:0134H         LINE#         45
  C:0134H         LINE#         46
  C:0145H         LINE#         47
  C:0154H         LINE#         48
  C:0164H         LINE#         49
  C:0177H         LINE#         50
  C:0177H         LINE#         51
  C:017CH         LINE#         52
  C:017CH         LINE#         53
  C:018DH         LINE#         54
  C:019CH         LINE#         55
  C:01ACH         LINE#         56
  C:01BFH         LINE#         57
  C:01BFH         LINE#         58
  C:01C4H         LINE#         59
  C:01C4H         LINE#         60
  C:01D5H         LINE#         61
  C:01E4H         LINE#         62
BL51 BANKED LINKER/LOCATER V6.22                                                      06/25/2021  14:34:07  PAGE 6


  C:01F4H         LINE#         63
  C:0207H         LINE#         64
  C:0207H         LINE#         65
  C:0209H         LINE#         66
  -------         ENDPROC       _GPIO_INILIZE
  -------         ENDMOD        GPIO

  -------         MODULE        EEPROM
  C:0000H         SYMBOL        _ICE_DUMMY_
  D:0080H         PUBLIC        P0
  D:0090H         PUBLIC        P1
  D:00A0H         PUBLIC        P2
  D:00B0H         PUBLIC        P3
  C:0970H         PUBLIC        DisableEEPROM
  D:00C0H         PUBLIC        P4
  D:00C6H         PUBLIC        ISP_TRIG
  D:00C8H         PUBLIC        P5
  D:00E8H         PUBLIC        P6
  D:00F8H         PUBLIC        P7
  D:00A8H         PUBLIC        IE
  D:00C5H         PUBLIC        IAP_CMD
  C:0026H         PUBLIC        _EEPROM_SectorErase
  C:081DH         PUBLIC        _EEPROM_read_n
  D:00B8H         PUBLIC        IP
  D:00C5H         PUBLIC        ISP_CMD
  D:00D8H         PUBLIC        CCON
  C:0855H         PUBLIC        _EEPROM_write_n
  C:042BH         PUBLIC        _EEPROM_write_Save_Other
  D:00C3H         PUBLIC        ISP_ADDRH
  D:0098H         PUBLIC        SCON
  D:0088H         PUBLIC        TCON
  D:00C4H         PUBLIC        ISP_ADDRL
  D:00C7H         PUBLIC        ISP_CONTR
  D:00C2H         PUBLIC        ISP_DATA
  D:00C6H         PUBLIC        IAP_TRIG
  D:00D0H         PUBLIC        PSW
  C:0658H         PUBLIC        _EEPROM_write_n_Sector
  -------         PROC          DISABLEEEPROM
  C:0970H         LINE#         19
  C:0970H         LINE#         20
  C:0970H         LINE#         21
  C:0973H         LINE#         22
  C:0975H         LINE#         23
  C:0977H         LINE#         24
  C:097AH         LINE#         25
  C:097CH         LINE#         26
  -------         ENDPROC       DISABLEEEPROM
  -------         PROC          _EEPROM_READ_N
  D:0004H         SYMBOL        EE_address
  D:0001H         SYMBOL        DataAddress
  D:0035H         SYMBOL        number
  C:081DH         LINE#         38
  C:0821H         LINE#         39
  C:0821H         LINE#         41
  C:0824H         LINE#         42
  C:0827H         LINE#         44
  C:0827H         LINE#         45
BL51 BANKED LINKER/LOCATER V6.22                                                      06/25/2021  14:34:07  PAGE 7


  C:0829H         LINE#         46
  C:082DH         LINE#         48
  C:0830H         LINE#         49
  C:0833H         LINE#         54
  C:0834H         LINE#         55
  C:0839H         LINE#         56
  C:083EH         LINE#         57
  C:0845H         LINE#         58
  C:0852H         LINE#         60
  -------         ENDPROC       _EEPROM_READ_N
  -------         PROC          _EEPROM_SECTORERASE
  D:0004H         SYMBOL        EE_address
  C:0026H         LINE#         73
  C:002AH         LINE#         74
  C:002AH         LINE#         78
  C:002DH         LINE#         79
  C:0030H         LINE#         81
  C:0032H         LINE#         82
  C:0036H         LINE#         83
  C:0039H         LINE#         84
  C:003CH         LINE#         85
  C:003DH         LINE#         86
  -------         ENDPROC       _EEPROM_SECTORERASE
  -------         PROC          _EEPROM_WRITE_N
  D:0004H         SYMBOL        EE_address
  D:0001H         SYMBOL        DataAddress
  D:003CH         SYMBOL        number
  C:0855H         LINE#         99
  C:0859H         LINE#         100
  C:0859H         LINE#         103
  C:085CH         LINE#         104
  C:085FH         LINE#         106
  C:085FH         LINE#         107
  C:0861H         LINE#         108
  C:0865H         LINE#         109
  C:086AH         LINE#         110
  C:086DH         LINE#         111
  C:0870H         LINE#         112
  C:0871H         LINE#         113
  C:0876H         LINE#         114
  C:087DH         LINE#         115
  C:088AH         LINE#         117
  -------         ENDPROC       _EEPROM_WRITE_N
  -------         PROC          _EEPROM_WRITE_SAVE_OTHER
  D:001CH         SYMBOL        EE_address
  D:001EH         SYMBOL        DataAddress
  D:0021H         SYMBOL        number
  -------         DO            
  X:0000H         SYMBOL        temp
  D:0023H         SYMBOL        i
  D:0025H         SYMBOL        Save_Addr_Offset
  -------         ENDDO         
  C:042BH         LINE#         128
  C:0435H         LINE#         129
  C:0435H         LINE#         132
  C:043EH         LINE#         133
  C:0449H         LINE#         134
BL51 BANKED LINKER/LOCATER V6.22                                                      06/25/2021  14:34:07  PAGE 8


  C:0449H         LINE#         136
  C:0449H         LINE#         137
  C:0456H         LINE#         138
  C:0468H         LINE#         139
  C:046FH         LINE#         140
  C:047FH         LINE#         141
  C:047FH         LINE#         142
  C:04A5H         LINE#         143
  C:04AFH         LINE#         144
  C:04C2H         LINE#         145
  -------         ENDPROC       _EEPROM_WRITE_SAVE_OTHER
  -------         PROC          _EEPROM_WRITE_N_SECTOR
  D:0027H         SYMBOL        EE_address
  D:0029H         SYMBOL        DataAddress
  D:002CH         SYMBOL        number
  -------         DO            
  D:0006H         SYMBOL        Sector_Offset
  D:0004H         SYMBOL        Save_Addr_Offset
  D:002EH         SYMBOL        writer_n_byte
  -------         ENDDO         
  C:0658H         LINE#         147
  C:0662H         LINE#         148
  C:0662H         LINE#         153
  C:066AH         LINE#         154
  C:0672H         LINE#         155
  C:067BH         LINE#         156
  C:067BH         LINE#         158
  C:0684H         LINE#         159
  C:0690H         LINE#         161
  C:06B3H         LINE#         162
  C:06B5H         LINE#         164
  C:06B5H         LINE#         165
  C:06C8H         LINE#         166
  C:06C8H         LINE#         167
  -------         ENDPROC       _EEPROM_WRITE_N_SECTOR
  -------         ENDMOD        EEPROM

  -------         MODULE        MAIN
  C:0000H         SYMBOL        _ICE_DUMMY_
  D:0080H         PUBLIC        P0
  D:0090H         PUBLIC        P1
  D:00A0H         PUBLIC        P2
  D:00B0H         PUBLIC        P3
  D:0008H         PUBLIC        Timer
  D:00C0H         PUBLIC        P4
  D:00C8H         PUBLIC        P5
  B:00A8H.7       PUBLIC        EA
  D:00E8H         PUBLIC        P6
  D:00F8H         PUBLIC        P7
  D:00A8H         PUBLIC        IE
  D:00B8H         PUBLIC        IP
  D:00D8H         PUBLIC        CCON
  C:020AH         PUBLIC        main
  D:0098H         PUBLIC        SCON
  D:0088H         PUBLIC        TCON
  C:093BH         PUBLIC        systemInit
  C:073AH         PUBLIC        _Data
BL51 BANKED LINKER/LOCATER V6.22                                                      06/25/2021  14:34:07  PAGE 9


  D:00D0H         PUBLIC        PSW
  -------         PROC          SYSTEMINIT
  C:093BH         LINE#         15
  C:093BH         LINE#         16
  C:093BH         LINE#         17
  C:0942H         LINE#         18
  C:0945H         LINE#         19
  C:0948H         LINE#         20
  C:094BH         LINE#         21
  C:094DH         LINE#         22
  -------         ENDPROC       SYSTEMINIT
  -------         PROC          MAIN
  -------         DO            
  D:003FH         SYMBOL        i
  D:0040H         SYMBOL        index
  D:003FH         SYMBOL        index
  -------         ENDDO         
  -------         DO            
  D:003FH         SYMBOL        index
  -------         ENDDO         
  C:020AH         LINE#         40
  C:020AH         LINE#         41
  C:020AH         LINE#         42
  C:020DH         LINE#         43
  C:020DH         LINE#         44
  C:020DH         LINE#         45
  C:0210H         LINE#         46
  C:0213H         LINE#         49
  C:0219H         LINE#         50
  C:021FH         LINE#         51
  C:022AH         LINE#         52
  C:022AH         LINE#         57
  C:022CH         LINE#         58
  C:0239H         LINE#         59
  C:0239H         LINE#         60
  C:0265H         LINE#         61
  C:0265H         LINE#         62
  C:0269H         LINE#         63
  C:026EH         LINE#         64
  C:026EH         LINE#         65
  C:0274H         LINE#         67
  C:0278H         LINE#         68
  C:027BH         LINE#         69
  C:027EH         LINE#         70
  C:0281H         LINE#         71
  C:0284H         LINE#         72
  C:0287H         LINE#         73
  C:028BH         LINE#         75
  C:0292H         LINE#         76
  C:0292H         LINE#         78
  C:0295H         LINE#         79
  C:02A3H         LINE#         80
  C:02A3H         LINE#         81
  C:02CFH         LINE#         82
  C:02CFH         LINE#         83
  C:02D3H         LINE#         84
  C:02D8H         LINE#         85
BL51 BANKED LINKER/LOCATER V6.22                                                      06/25/2021  14:34:07  PAGE 10


  C:02D8H         LINE#         86
  C:02DEH         LINE#         88
  C:02E2H         LINE#         89
  C:02E5H         LINE#         90
  C:02E8H         LINE#         91
  C:02EBH         LINE#         92
  C:02EEH         LINE#         93
  C:02F1H         LINE#         94
  C:02F4H         LINE#         95
  C:02F8H         LINE#         96
  C:02FFH         LINE#         97
  C:02FFH         LINE#         100
  C:02FFH         LINE#         104
  C:030EH         LINE#         105
  C:030EH         LINE#         107
  C:0314H         LINE#         109
  C:0316H         LINE#         110
  C:0321H         LINE#         111
  C:0321H         LINE#         112
  C:0322H         LINE#         113
  C:032AH         LINE#         114
  C:032AH         LINE#         115
  C:032DH         LINE#         117
  C:0333H         LINE#         118
  C:0336H         LINE#         119
  C:0339H         LINE#         120
  C:033CH         LINE#         121
  C:033FH         LINE#         122
  C:0342H         LINE#         123
  C:0347H         LINE#         125
  C:0347H         LINE#         126
  C:0347H         LINE#         129
  C:034AH         LINE#         130
  C:0358H         LINE#         131
  C:0358H         LINE#         132
  C:0359H         LINE#         133
  C:0364H         LINE#         134
  C:0364H         LINE#         135
  C:0369H         LINE#         137
  C:036FH         LINE#         138
  C:0372H         LINE#         139
  C:0375H         LINE#         140
  C:0378H         LINE#         141
  C:037BH         LINE#         142
  C:037EH         LINE#         143
  C:0380H         LINE#         144
  C:0385H         LINE#         146
  C:0385H         LINE#         147
  C:0385H         LINE#         150
  C:0385H         LINE#         152
  -------         ENDPROC       MAIN
  -------         ENDMOD        MAIN

  -------         MODULE        IO_CFG
  C:0000H         SYMBOL        _ICE_DUMMY_
  D:0080H         PUBLIC        P0
  D:0090H         PUBLIC        P1
BL51 BANKED LINKER/LOCATER V6.22                                                      06/25/2021  14:34:07  PAGE 11


  D:00A0H         PUBLIC        P2
  D:00B0H         PUBLIC        P3
  D:00C0H         PUBLIC        P4
  D:00C8H         PUBLIC        P5
  D:00E8H         PUBLIC        P6
  D:00F8H         PUBLIC        P7
  C:088DH         PUBLIC        GPIO_config
  D:00A8H         PUBLIC        IE
  D:00B8H         PUBLIC        IP
  D:00D8H         PUBLIC        CCON
  D:0098H         PUBLIC        SCON
  D:0088H         PUBLIC        TCON
  D:008EH         PUBLIC        AUXR
  C:0986H         PUBLIC        ClrWtd
  D:00C1H         PUBLIC        WDT_CONTR
  D:00D0H         PUBLIC        PSW
  -------         PROC          GPIO_CONFIG
  -------         DO            
  D:0041H         SYMBOL        GPIO_InitStructure
  -------         ENDDO         
  C:088DH         LINE#         24
  C:088DH         LINE#         25
  C:088DH         LINE#         28
  C:0890H         LINE#         29
  C:0893H         LINE#         30
  C:089EH         LINE#         33
  C:08A1H         LINE#         34
  C:08A4H         LINE#         35
  C:08AFH         LINE#         38
  C:08B2H         LINE#         39
  C:08B5H         LINE#         40
  C:08C0H         LINE#         43
  C:08C3H         LINE#         45
  -------         ENDPROC       GPIO_CONFIG
  -------         PROC          CLRWTD
  C:0986H         LINE#         55
  C:0986H         LINE#         56
  C:0986H         LINE#         57
  C:0989H         LINE#         58
  -------         ENDPROC       CLRWTD
  -------         ENDMOD        IO_CFG

  -------         MODULE        ISR
  C:0000H         SYMBOL        _ICE_DUMMY_
  D:0080H         PUBLIC        P0
  D:0090H         PUBLIC        P1
  D:00A0H         PUBLIC        P2
  D:00B0H         PUBLIC        P3
  D:00C0H         PUBLIC        P4
  D:00C8H         PUBLIC        P5
  B:00A8H.7       PUBLIC        EA
  D:00E8H         PUBLIC        P6
  D:00F8H         PUBLIC        P7
  D:00A2H         PUBLIC        P_SW1
  D:00A8H         PUBLIC        IE
  C:08EDH         PUBLIC        Uart_Init
  B:00A8H.4       PUBLIC        ES
BL51 BANKED LINKER/LOCATER V6.22                                                      06/25/2021  14:34:07  PAGE 12


  D:00B8H         PUBLIC        IP
  B:0098H.0       PUBLIC        RI
  C:06C9H         PUBLIC        UART1_int
  C:054FH         PUBLIC        UART2_int
  B:0098H.1       PUBLIC        TI
  B:00B8H.4       PUBLIC        PS
  D:00D8H         PUBLIC        CCON
  C:0040H         PUBLIC        Timer0_Init
  D:0099H         PUBLIC        SBUF
  D:0087H         PUBLIC        PCON
  D:0098H         PUBLIC        SCON
  D:0089H         PUBLIC        TMOD
  D:0088H         PUBLIC        TCON
  C:07E4H         PUBLIC        _Uart_Send2
  D:00AFH         PUBLIC        IE2
  D:008EH         PUBLIC        AUXR
  B:0090H.3       PUBLIC        S485_ZHQ
  B:00A8H.1       PUBLIC        ET0
  D:008CH         PUBLIC        TH0
  D:008DH         PUBLIC        TH1
  D:00D6H         PUBLIC        T2H
  D:0046H         SYMBOL        Timer0_Interrupt_Mode
  D:008AH         PUBLIC        TL0
  D:008BH         PUBLIC        TL1
  D:00D7H         PUBLIC        T2L
  B:00B8H.1       PUBLIC        PT0
  B:0088H.4       PUBLIC        TR0
  B:0088H.6       PUBLIC        TR1
  C:090DH         SYMBOL        Timer0_Config_T1MS_Mode
  C:0388H         PUBLIC        Timer_Hardware_Interrupt_Timer0
  D:009BH         PUBLIC        S2BUF
  D:009AH         PUBLIC        S2CON
  C:000EH         PUBLIC        Uart_ZHQ_Init
  B:00B0H.2       PUBLIC        S485
  D:00D0H         PUBLIC        PSW
  -------         PROC          UART_INIT
  C:08EDH         LINE#         26
  C:08EDH         LINE#         27
  C:08EDH         LINE#         28
  C:08EFH         LINE#         29
  C:08F2H         LINE#         30
  C:08F5H         LINE#         31
  C:08F8H         LINE#         32
  C:08FBH         LINE#         33
  C:08FEH         LINE#         34
  C:0901H         LINE#         35
  C:0903H         LINE#         36
  C:0906H         LINE#         37
  C:0908H         LINE#         38
  C:090AH         LINE#         39
  C:090CH         LINE#         42
  -------         ENDPROC       UART_INIT
  -------         PROC          UART_ZHQ_INIT
  C:000EH         LINE#         50
  C:000EH         LINE#         51
  C:000EH         LINE#         52
  C:0010H         LINE#         53
BL51 BANKED LINKER/LOCATER V6.22                                                      06/25/2021  14:34:07  PAGE 13


  C:0013H         LINE#         54
  C:0016H         LINE#         55
  C:0019H         LINE#         56
  C:001CH         LINE#         57
  C:001FH         LINE#         58
  C:0022H         LINE#         60
  -------         ENDPROC       UART_ZHQ_INIT
  -------         PROC          _UART_SEND2
  D:0041H         SYMBOL        frame_size
  -------         DO            
  D:0042H         SYMBOL        i
  -------         ENDDO         
  C:07E4H         LINE#         70
  C:07E6H         LINE#         71
  C:07E6H         LINE#         72
  C:07E9H         LINE#         73
  C:07F6H         LINE#         74
  C:07F6H         LINE#         75
  C:07F8H         LINE#         76
  C:07FFH         LINE#         77
  C:0801H         LINE#         78
  C:0803H         LINE#         79
  C:080AH         LINE#         80
  C:0810H         LINE#         81
  C:0816H         LINE#         82
  C:081CH         LINE#         84
  -------         ENDPROC       _UART_SEND2
  -------         PROC          UART1_INT
  -------         DO            
  D:0007H         SYMBOL        Res
  -------         ENDDO         
  C:06C9H         LINE#         87
  C:06DAH         LINE#         90
  C:06DDH         LINE#         91
  C:06DDH         LINE#         92
  C:06DFH         LINE#         93
  C:06E5H         LINE#         94
  C:06E5H         LINE#         95
  C:06E9H         LINE#         96
  C:06F7H         LINE#         97
  C:06F7H         LINE#         98
  C:0703H         LINE#         99
  C:0709H         LINE#         100
  C:0713H         LINE#         101
  C:0713H         LINE#         102
  C:0719H         LINE#         103
  C:071CH         LINE#         104
  C:071CH         LINE#         105
  C:071CH         LINE#         106
  C:071CH         LINE#         108
  C:071EH         LINE#         109
  C:0720H         LINE#         110
  C:0723H         LINE#         111
  C:0723H         LINE#         112
  C:0725H         LINE#         113
  C:0727H         LINE#         115
  C:0727H         LINE#         116
BL51 BANKED LINKER/LOCATER V6.22                                                      06/25/2021  14:34:07  PAGE 14


  C:0729H         LINE#         117
  C:072BH         LINE#         118
  C:072BH         LINE#         119
  -------         ENDPROC       UART1_INT
  -------         PROC          UART2_INT
  -------         DO            
  D:003EH         SYMBOL        Res
  -------         ENDDO         
  C:054FH         LINE#         121
  C:056CH         LINE#         124
  C:0571H         LINE#         125
  C:0571H         LINE#         126
  C:0574H         LINE#         128
  C:0577H         LINE#         129
  C:0579H         LINE#         130
  C:057EH         LINE#         131
  C:057EH         LINE#         132
  C:0581H         LINE#         133
  C:058FH         LINE#         134
  C:058FH         LINE#         135
  C:059CH         LINE#         136
  C:05A2H         LINE#         137
  C:05A4H         LINE#         139
  C:05A4H         LINE#         140
  C:05A9H         LINE#         141
  C:05AFH         LINE#         142
  C:05B1H         LINE#         143
  C:05B1H         LINE#         144
  C:05B3H         LINE#         146
  C:05B3H         LINE#         147
  C:05B6H         LINE#         148
  C:05B9H         LINE#         149
  C:05B9H         LINE#         150
  -------         ENDPROC       UART2_INT
  -------         PROC          TIMER0_INIT
  C:0040H         LINE#         159
  C:0040H         LINE#         160
  C:0040H         LINE#         161
  -------         ENDPROC       TIMER0_INIT
  -------         PROC          TIMER0_CONFIG_T1MS_MODE
  C:090DH         LINE#         170
  C:090DH         LINE#         171
  C:090DH         LINE#         172
  C:0910H         LINE#         173
  C:0913H         LINE#         174
  C:0916H         LINE#         175
  C:0919H         LINE#         176
  C:091CH         LINE#         177
  C:091EH         LINE#         178
  C:0920H         LINE#         179
  C:0922H         LINE#         180
  C:0925H         LINE#         181
  -------         ENDPROC       TIMER0_CONFIG_T1MS_MODE
  -------         PROC          TIMER_HARDWARE_INTERRUPT_TIMER0
  -------         DO            
  D:0043H         SYMBOL        Ms_Cnt
  D:0044H         SYMBOL        Ms10_Cnt
BL51 BANKED LINKER/LOCATER V6.22                                                      06/25/2021  14:34:07  PAGE 15


  D:0045H         SYMBOL        ms100cnt
  -------         ENDDO         
  C:0388H         LINE#         190
  C:03A5H         LINE#         195
  C:03A9H         LINE#         196
  C:03A9H         LINE#         197
  C:03ACH         LINE#         198
  C:03AFH         LINE#         199
  C:03B1H         LINE#         200
  C:03C2H         LINE#         201
  C:03C2H         LINE#         202
  C:03CEH         LINE#         203
  C:03CEH         LINE#         204
  C:03D4H         LINE#         205
  C:03D4H         LINE#         206
  C:03D9H         LINE#         207
  C:03DDH         LINE#         209
  C:03DDH         LINE#         210
  C:03DDH         LINE#         211
  C:03DDH         LINE#         212
  C:03DDH         LINE#         213
  C:03E4H         LINE#         214
  C:03E4H         LINE#         215
  C:03E7H         LINE#         216
  C:03E9H         LINE#         217
  C:03F0H         LINE#         218
  C:03F0H         LINE#         219
  C:03F3H         LINE#         220
  C:03FBH         LINE#         222
  C:03FBH         LINE#         223
  C:03FEH         LINE#         224
  C:0404H         LINE#         225
  C:0406H         LINE#         226
  C:040DH         LINE#         227
  C:040DH         LINE#         228
  C:0410H         LINE#         229
  C:0410H         LINE#         230
  C:0410H         LINE#         231
  C:0410H         LINE#         232
  -------         ENDPROC       TIMER_HARDWARE_INTERRUPT_TIMER0
  -------         ENDMOD        ISR

  -------         MODULE        USART_PROCESS
  C:0000H         SYMBOL        _ICE_DUMMY_
  D:0080H         PUBLIC        P0
  D:0090H         PUBLIC        P1
  D:00A0H         PUBLIC        P2
  D:00B0H         PUBLIC        P3
  D:00C0H         PUBLIC        P4
  D:00C8H         PUBLIC        P5
  D:00E8H         PUBLIC        P6
  D:00F8H         PUBLIC        P7
  D:00A8H         PUBLIC        IE
  D:00B8H         PUBLIC        IP
  X:0200H         PUBLIC        Serial_Port_Device
  D:00D8H         PUBLIC        CCON
  D:0098H         PUBLIC        SCON
BL51 BANKED LINKER/LOCATER V6.22                                                      06/25/2021  14:34:07  PAGE 16


  D:0088H         PUBLIC        TCON
  C:0926H         PUBLIC        Uart_Device_Init
  B:00A0H.7       PUBLIC        LED
  C:079EH         PUBLIC        TimeControl
  D:00D0H         PUBLIC        PSW
  -------         PROC          UART_DEVICE_INIT
  C:0926H         LINE#         27
  C:0926H         LINE#         28
  C:0926H         LINE#         29
  C:0935H         LINE#         30
  C:0938H         LINE#         31
  -------         ENDPROC       UART_DEVICE_INIT
  -------         PROC          TIMECONTROL
  -------         DO            
  I:0049H         SYMBOL        ms10cnt
  -------         DO            
  D:0048H         SYMBOL        cnt1s
  -------         DO            
  D:0047H         SYMBOL        tempcnt
  -------         ENDDO         
  -------         ENDDO         
  -------         ENDDO         
  C:079EH         LINE#         41
  C:079EH         LINE#         42
  C:079EH         LINE#         44
  C:07A4H         LINE#         46
  C:07A9H         LINE#         50
  C:07ACH         LINE#         51
  C:07B2H         LINE#         52
  C:07B2H         LINE#         54
  C:07B4H         LINE#         55
  C:07B6H         LINE#         57
  C:07BDH         LINE#         58
  C:07BDH         LINE#         60
  C:07C4H         LINE#         61
  C:07C4H         LINE#         62
  C:07C7H         LINE#         63
  C:07C9H         LINE#         64
  C:07CBH         LINE#         65
  C:07D2H         LINE#         66
  C:07D2H         LINE#         67
  C:07D5H         LINE#         68
  C:07D6H         LINE#         69
  C:07D6H         LINE#         70
  C:07D6H         LINE#         71
  C:07D7H         LINE#         73
  C:07D7H         LINE#         74
  C:07DEH         LINE#         75
  C:07DEH         LINE#         76
  C:07E1H         LINE#         77
  C:07E3H         LINE#         78
  C:07E3H         LINE#         79
  C:07E3H         LINE#         80
  C:07E3H         LINE#         81
  -------         ENDPROC       TIMECONTROL
  -------         ENDMOD        USART_PROCESS

BL51 BANKED LINKER/LOCATER V6.22                                                      06/25/2021  14:34:07  PAGE 17


  -------         MODULE        ?C?CLDPTR
  C:05D4H         PUBLIC        ?C?CLDPTR
  -------         ENDMOD        ?C?CLDPTR

  -------         MODULE        ?C?CLDOPTR
  C:05EDH         PUBLIC        ?C?CLDOPTR
  -------         ENDMOD        ?C?CLDOPTR

  -------         MODULE        ?C?CSTPTR
  C:061AH         PUBLIC        ?C?CSTPTR
  -------         ENDMOD        ?C?CSTPTR

  -------         MODULE        ?C?MEMSET
  C:062CH         PUBLIC        ?C?MEMSET
  -------         ENDMOD        ?C?MEMSET

*** WARNING L16: UNCALLED SEGMENT, IGNORED FOR OVERLAY PROCESS
    SEGMENT: ?PR?_EEPROM_WRITE_N_SECTOR?EEPROM

Program Size: data=75.0 xdata=633 code=2440
LINK/LOCATE RUN COMPLETE.  1 WARNING(S),  0 ERROR(S)
